// Jest Snapshot v1, https://goo.gl/fbAQLP

exports[`The display is OFF immediately after drawing 1`] = `
<div>
  <button>
    OFF
  </button>
</div>
`;
